[09/29/24 22:22:57] INFO     INFO:root:Reading config from         config.py:114
                             'ts-3-5/cosmic-ray/test_3-5_0-3_91/fe              
                             nwick_tree.toml'                                   
                    INFO     INFO:cosmic_ray.commands.execute:Begi execute.py:45
                             nning execution                                    
                    INFO     INFO:cosmic_ray.testing:Running test  testing.py:37
                             (timeout=60.0): python -m pytest                   
                             --tb=no ./ts-3-5/test_3-5_0-3_91.py                
[09/29/24 22:22:58] INFO     INFO:cosmic_ray.commands.execute:Job  execute.py:43
                             baseline complete                                  
                    INFO     INFO:cosmic_ray.commands.execute:Exec execute.py:53
                             ution finished                                     
                    INFO     INFO:root:Baseline passed. Execution     cli.py:164
                             with no mutation works fine.                       
